ITEM: TIMESTEP
0
ITEM: NUMBER OF ATOMS
2
ITEM: BOX BOUNDS pp pp pp
0.0000000000000000e+00 2.8816666666666668e+00
0.0000000000000000e+00 2.8816666666666668e+00
0.0000000000000000e+00 2.8816666666666668e+00
ITEM: ATOMS id type xsu ysu zsu fx fy fz vx vy vz c_eng
1 1   0.0174285667723098 -0.00485137898846233   0.0227259136175917    0.659393114158203  -0.0620858740841173   -0.556345143794069                    0                    0                    0    -3.97652695117351
2 1    0.553439644084506    0.491784092114926    0.491784668177274   -0.659393114158203   0.0620858740841173    0.556345143794069                    0                    0                    0    -3.97652695117351
ITEM: TIMESTEP
3
ITEM: NUMBER OF ATOMS
2
ITEM: BOX BOUNDS pp pp pp
0.0000000000000000e+00 2.8816666666666668e+00
0.0000000000000000e+00 2.8816666666666668e+00
0.0000000000000000e+00 2.8816666666666668e+00
ITEM: ATOMS id type xsu ysu zsu fx fy fz vx vy vz c_eng
1 1   0.0354341054270435 -0.00653364343833118  0.00725529093426758 5.78843084575453e-11 6.84829276620391e-11 -1.5760153182498e-09                    0                    0                    0    -4.00812120528817
2 1    0.535434105429772    0.493466356564909    0.507255290860599 -5.78842529463941e-11 -6.84829207231452e-11 1.57601533906648e-09                    0                    0                    0    -4.00812120528817
