ITEM: TIMESTEP
0
ITEM: NUMBER OF ATOMS
2
ITEM: BOX BOUNDS pp pp pp
0.0000000000000000e+00 2.8436666666666670e+00
0.0000000000000000e+00 2.8436666666666670e+00
0.0000000000000000e+00 2.8436666666666670e+00
ITEM: ATOMS id type xsu ysu zsu fx fy fz vx vy vz c_eng
1 1   0.0174285667723098 -0.00485137898846233   0.0227259136175917    0.738477721474007  -0.0668205682441516   -0.629442015086925                    0                    0                    0    -3.97741251757963
2 1    0.553439644084506    0.491784092114926    0.491784668177274   -0.738477721474007   0.0668205682441518    0.629442015086925                    0                    0                    0    -3.97741251757963
ITEM: TIMESTEP
3
ITEM: NUMBER OF ATOMS
2
ITEM: BOX BOUNDS pp pp pp
0.0000000000000000e+00 2.8436666666666670e+00
0.0000000000000000e+00 2.8436666666666670e+00
0.0000000000000000e+00 2.8436666666666670e+00
ITEM: ATOMS id type xsu ysu zsu fx fy fz vx vy vz c_eng
1 1   0.0354341128510214 -0.00653365820596719   0.0072552516351152 -3.31277877352321e-07 6.59159702404155e-07 1.75230237220436e-06                    0                    0                    0    -4.01200738663834
2 1    0.535434098005794    0.493466371332488    0.507255330159637 3.31277877296809e-07 -6.59159702320888e-07 -1.7523023721211e-06                    0                    0                    0    -4.01200738663834
