ITEM: TIMESTEP
0
ITEM: NUMBER OF ATOMS
2
ITEM: BOX BOUNDS pp pp pp
0.0000000000000000e+00 2.8563333333333332e+00
0.0000000000000000e+00 2.8563333333333332e+00
0.0000000000000000e+00 2.8563333333333332e+00
ITEM: ATOMS id type xsu ysu zsu fx fy fz vx vy vz c_eng
1 1   0.0174285667723098 -0.00485137898846233   0.0227259136175917    0.715781727832552  -0.0651690346470286   -0.608038611619251                    0                    0                    0    -3.97913933708268
2 1    0.553439644084506    0.491784092114926    0.491784668177274   -0.715781727832552   0.0651690346470285    0.608038611619251                    0                    0                    0    -3.97913933708268
ITEM: TIMESTEP
3
ITEM: NUMBER OF ATOMS
2
ITEM: BOX BOUNDS pp pp pp
0.0000000000000000e+00 2.8563333333333332e+00
0.0000000000000000e+00 2.8563333333333332e+00
0.0000000000000000e+00 2.8563333333333332e+00
ITEM: ATOMS id type xsu ysu zsu fx fy fz vx vy vz c_eng
1 1   0.0354341129959721 -0.00653365544803819  0.00725523864412025 -3.32999500862741e-07 5.28539374738957e-07 2.29932624748463e-06                    0                    0                    0     -4.0129748806572
2 1    0.535434097860843    0.493466368574559    0.507255343150632 3.32999500696207e-07 -5.28539374794468e-07 -2.29932624746382e-06                    0                    0                    0     -4.0129748806572
