ITEM: TIMESTEP
0
ITEM: NUMBER OF ATOMS
2
ITEM: BOX BOUNDS pp pp pp
0.0000000000000000e+00 2.7930000000000001e+00
0.0000000000000000e+00 2.7930000000000001e+00
0.0000000000000000e+00 2.7930000000000001e+00
ITEM: ATOMS id type xsu ysu zsu fx fy fz vx vy vz c_eng
1 1   0.0174285667723098 -0.00485137898846233   0.0227259136175917    0.791353183047007   -0.072280572175235   -0.678219348946117                    0                    0                    0    -3.94878402160956
2 1    0.553439644084506    0.491784092114926    0.491784668177274   -0.791353183047007    0.072280572175235    0.678219348946117                    0                    0                    0    -3.94878402160957
ITEM: TIMESTEP
2
ITEM: NUMBER OF ATOMS
2
ITEM: BOX BOUNDS pp pp pp
0.0000000000000000e+00 2.7930000000000001e+00
0.0000000000000000e+00 2.7930000000000001e+00
0.0000000000000000e+00 2.7930000000000001e+00
ITEM: ATOMS id type xsu ysu zsu fx fy fz vx vy vz c_eng
1 1   0.0354341027031069 -0.00653365994895694    0.007255276196247  1.2455137088363e-07 7.54647281053789e-07 6.71878552016558e-07                    0                    0                    0    -3.98427928646912
2 1    0.535434108153709    0.493466373075421    0.507255305598619 -1.24551370661585e-07 -7.54647280942766e-07 -6.71878552419014e-07                    0                    0                    0    -3.98427928646912
