ITEM: TIMESTEP
0
ITEM: NUMBER OF ATOMS
2
ITEM: BOX BOUNDS pp pp pp
0.0000000000000000e+00 2.8690000000000002e+00
0.0000000000000000e+00 2.8690000000000002e+00
0.0000000000000000e+00 2.8690000000000002e+00
ITEM: ATOMS id type xsu ysu zsu fx fy fz vx vy vz c_eng
1 1   0.0174285667723098 -0.00485137898846233   0.0227259136175917    0.689233395100926  -0.0634652875353537   -0.582945163824357                    0                    0                    0    -3.97882292807826
2 1    0.553439644084506    0.491784092114926    0.491784668177274   -0.689233395100926   0.0634652875353535    0.582945163824357                    0                    0                    0    -3.97882292807826
ITEM: TIMESTEP
3
ITEM: NUMBER OF ATOMS
2
ITEM: BOX BOUNDS pp pp pp
0.0000000000000000e+00 2.8690000000000002e+00
0.0000000000000000e+00 2.8690000000000002e+00
0.0000000000000000e+00 2.8690000000000002e+00
ITEM: ATOMS id type xsu ysu zsu fx fy fz vx vy vz c_eng
1 1   0.0354341054284077 -0.00653364343673957  0.00725529089743304 2.77555756156289e-16  -1.346145417358e-15 -4.44089209850063e-16                    0                    0                    0    -4.01165933611405
2 1    0.535434105428408    0.493466356563204    0.507255290897433 -1.11022302462516e-16 1.40859546249317e-15 5.13478148889135e-16                    0                    0                    0    -4.01165933611405
