ITEM: TIMESTEP
0
ITEM: NUMBER OF ATOMS
2
ITEM: BOX BOUNDS pp pp pp
0.0000000000000000e+00 2.8056666666666672e+00
0.0000000000000000e+00 2.8056666666666672e+00
0.0000000000000000e+00 2.8056666666666672e+00
ITEM: ATOMS id type xsu ysu zsu fx fy fz vx vy vz c_eng
1 1   0.0174285667723098 -0.00485137898846233   0.0227259136175917    0.783742660101793  -0.0710651291329819   -0.671405236661466                    0                    0                    0    -3.95932669578967
2 1    0.553439644084506    0.491784092114926    0.491784668177274   -0.783742660101793   0.0710651291329821    0.671405236661467                    0                    0                    0    -3.95932669578968
ITEM: TIMESTEP
2
ITEM: NUMBER OF ATOMS
2
ITEM: BOX BOUNDS pp pp pp
0.0000000000000000e+00 2.8056666666666672e+00
0.0000000000000000e+00 2.8056666666666672e+00
0.0000000000000000e+00 2.8056666666666672e+00
ITEM: ATOMS id type xsu ysu zsu fx fy fz vx vy vz c_eng
1 1   0.0354341045436968 -0.00653362811323177  0.00725530559407161 4.02302808844013e-08 -6.96785386472554e-07 -6.68280639298802e-07                    0                    0                    0    -3.99485886472564
2 1    0.535434106313119    0.493466341239809    0.507255276200794 -4.02302808844013e-08 6.96785386590515e-07 6.68280639590235e-07                    0                    0                    0    -3.99485886472564
