ITEM: TIMESTEP
0
ITEM: NUMBER OF ATOMS
2
ITEM: BOX BOUNDS pp pp pp
0.0000000000000000e+00 2.9070000000000000e+00
0.0000000000000000e+00 2.9070000000000000e+00
0.0000000000000000e+00 2.9070000000000000e+00
ITEM: ATOMS id type xsu ysu zsu fx fy fz vx vy vz c_eng
1 1   0.0174285667723098 -0.00485137898846233   0.0227259136175917     0.59511374174697  -0.0580839693426743   -0.506637442227474                    0                    0                    0    -3.96623199650212
2 1    0.553439644084506    0.491784092114926    0.491784668177274    -0.59511374174697   0.0580839693426745    0.506637442227474                    0                    0                    0    -3.96623199650212
ITEM: TIMESTEP
3
ITEM: NUMBER OF ATOMS
2
ITEM: BOX BOUNDS pp pp pp
0.0000000000000000e+00 2.9070000000000000e+00
0.0000000000000000e+00 2.9070000000000000e+00
0.0000000000000000e+00 2.9070000000000000e+00
ITEM: ATOMS id type xsu ysu zsu fx fy fz vx vy vz c_eng
1 1   0.0354341057463898 -0.00653362680623104  0.00725525907762403 -1.18738552254416e-08 -6.21070828446535e-07 1.18831650211537e-06                    0                    0                    0    -3.99466756091873
2 1    0.535434105110426    0.493466339932752    0.507255322717128 1.18738551768693e-08 6.21070828370207e-07 -1.18831650232354e-06                    0                    0                    0    -3.99466756091872
