ITEM: TIMESTEP
0
ITEM: NUMBER OF ATOMS
2
ITEM: BOX BOUNDS pp pp pp
0.0000000000000000e+00 2.8943333333333330e+00
0.0000000000000000e+00 2.8943333333333330e+00
0.0000000000000000e+00 2.8943333333333330e+00
ITEM: ATOMS id type xsu ysu zsu fx fy fz vx vy vz c_eng
1 1   0.0174285667723098 -0.00485137898846233   0.0227259136175917     0.62758917312425  -0.0606007389501859   -0.530902570104438                    0                    0                    0    -3.97230999104624
2 1    0.553439644084506    0.491784092114926    0.491784668177274    -0.62758917312425   0.0606007389501859    0.530902570104438                    0                    0                    0    -3.97230999104624
ITEM: TIMESTEP
3
ITEM: NUMBER OF ATOMS
2
ITEM: BOX BOUNDS pp pp pp
0.0000000000000000e+00 2.8943333333333330e+00
0.0000000000000000e+00 2.8943333333333330e+00
0.0000000000000000e+00 2.8943333333333330e+00
ITEM: ATOMS id type xsu ysu zsu fx fy fz vx vy vz c_eng
1 1   0.0354341054284077 -0.00653364343673957  0.00725529089743304 2.08166817117217e-17 1.06303854607859e-14 -5.17919040987636e-14                    0                    0                    0    -4.00242269163011
2 1    0.535434105428408    0.493466356563204    0.507255290897433 -1.11022302462516e-16 -1.06095687790742e-14  5.1680881796301e-14                    0                    0                    0    -4.00242269163011
