ITEM: TIMESTEP
0
ITEM: NUMBER OF ATOMS
2
ITEM: BOX BOUNDS pp pp pp
0.0000000000000000e+00 2.8310000000000000e+00
0.0000000000000000e+00 2.8310000000000000e+00
0.0000000000000000e+00 2.8310000000000000e+00
ITEM: ATOMS id type xsu ysu zsu fx fy fz vx vy vz c_eng
1 1   0.0174285667723098 -0.00485137898846233   0.0227259136175917    0.757346961675664  -0.0683845358795865   -0.647108842132204                    0                    0                    0    -3.97357754910689
2 1    0.553439644084506    0.491784092114926    0.491784668177274   -0.757346961675664   0.0683845358795866    0.647108842132204                    0                    0                    0    -3.97357754910689
ITEM: TIMESTEP
3
ITEM: NUMBER OF ATOMS
2
ITEM: BOX BOUNDS pp pp pp
0.0000000000000000e+00 2.8310000000000000e+00
0.0000000000000000e+00 2.8310000000000000e+00
0.0000000000000000e+00 2.8310000000000000e+00
ITEM: ATOMS id type xsu ysu zsu fx fy fz vx vy vz c_eng
1 1   0.0354341075532147 -0.00653364895617869  0.00725528097837014 -9.57655590938522e-08 2.48764722210471e-07 4.47055258534501e-07                    0                    0                    0    -4.00869535102617
2 1    0.535434103303601      0.4934663620827    0.507255300816382 9.57655590383411e-08 -2.48764722175776e-07 -4.4705525854144e-07                    0                    0                    0    -4.00869535102617
