ITEM: TIMESTEP
0
ITEM: NUMBER OF ATOMS
2
ITEM: BOX BOUNDS pp pp pp
0.0000000000000000e+00 2.8183333333333329e+00
0.0000000000000000e+00 2.8183333333333329e+00
0.0000000000000000e+00 2.8183333333333329e+00
ITEM: ATOMS id type xsu ysu zsu fx fy fz vx vy vz c_eng
1 1   0.0174285667723098 -0.00485137898846233   0.0227259136175917    0.772414972623769  -0.0697486350888227   -0.661089267570967                    0                    0                    0    -3.96756991802345
2 1    0.553439644084506    0.491784092114926    0.491784668177274   -0.772414972623769   0.0697486350888227    0.661089267570967                    0                    0                    0    -3.96756991802345
ITEM: TIMESTEP
3
ITEM: NUMBER OF ATOMS
2
ITEM: BOX BOUNDS pp pp pp
0.0000000000000000e+00 2.8183333333333329e+00
0.0000000000000000e+00 2.8183333333333329e+00
0.0000000000000000e+00 2.8183333333333329e+00
ITEM: ATOMS id type xsu ysu zsu fx fy fz vx vy vz c_eng
1 1   0.0354341054284077 -0.00653364343673957  0.00725529089743304 -9.99200722162641e-16 1.16573417585641e-15 -8.88178419700125e-16                    0                    0                    0    -4.00298844371089
2 1    0.535434105428408    0.493466356563204    0.507255290897433  1.0547118733939e-15 -1.1518563880486e-15 9.85322934354826e-16                    0                    0                    0    -4.00298844371089
